---
source: src/files/file.rs
expression: file_info_2.to_string()
---
"/some/path/some_file_1.txt (created on 2019-06-03 16:43:00)"
